// Jest Snapshot v1, https://goo.gl/fbAQLP

exports[`Create Rulers tests Should not match snapshot vertical: slider-app__rulers 1`] = `"<div class=\\"slider-app__rulers-value slider-app__rulers-value--1\\" style=\\"left: 1px;\\">1</div><div class=\\"slider-app__rulers-value slider-app__rulers-value--10\\" style=\\"left: 10px;\\">10</div><div class=\\"slider-app__rulers-value slider-app__rulers-value--20\\" style=\\"left: 20px;\\">20</div><div class=\\"slider-app__rulers-value slider-app__rulers-value--30\\" style=\\"left: 30px;\\">30</div><div class=\\"slider-app__rulers-value slider-app__rulers-value--40\\" style=\\"left: 40px;\\">40</div><div class=\\"slider-app__rulers-value slider-app__rulers-value--50\\" style=\\"left: 50px;\\">50</div>"`;
